// Jest Snapshot v1, https://goo.gl/fbAQLP

exports[`Search Results renders correctly 1`] = `
<DocumentFragment>
  <p
    class="search-results__no-results"
  >
    No results
  </p>
</DocumentFragment>
`;
